Microchip MPLAB XC8 Compiler V1.36 ()

Linker command line:

-W-3 --edf=C:\Program Files (x86)\Microchip\xc8\v1.36\dat\en_msgs.txt -cs \
  -h+dist/default/production\Railway_Security_System.X.production.sym \
  --cmf=dist/default/production\Railway_Security_System.X.production.cmf -z \
  -Q16F876A -oC:\Users\ACER\AppData\Local\Temp\s4oo.2 \
  -Mdist/default/production/Railway_Security_System.X.production.map -E1 \
  -ver=XC8 -ASTACK=0110h-016fh -pstack=STACK -ACODE=00h-07FFhx4 \
  -ASTRCODE=00h-01FFFh -ASTRING=00h-0FFhx32 -ACONST=00h-0FFhx32 \
  -AENTRY=00h-0FFhx32 -ACOMMON=070h-07Fh -ABANK0=020h-06Fh \
  -ABANK1=0A0h-0EFh -ABANK2=0110h-016Fh -ABANK3=0190h-01EFh \
  -ARAM=020h-06Fh,0A0h-0EFh,0110h-016Fh,0190h-01EFh \
  -AABS1=020h-07Fh,0A0h-0EFh,0110h-016Fh,0190h-01EFh -ASFR0=00h-01Fh \
  -ASFR1=080h-09Fh -ASFR2=0100h-010Fh -ASFR3=0180h-018Fh \
  -preset_vec=00h,intentry,init,end_init -ppowerup=CODE -pcinit=CODE \
  -pfunctab=CODE -ACONFIG=02007h-02007h -pconfig=CONFIG -DCONFIG=2 \
  -AIDLOC=02000h-02003h -pidloc=IDLOC -DIDLOC=2 -AEEDATA=00h-0FFh/02100h \
  -peeprom_data=EEDATA -DEEDATA=2 -DCODE=2 -DSTRCODE=2 -DSTRING=2 -DCONST=2 \
  -DENTRY=2 -k C:\Users\ACER\AppData\Local\Temp\s4oo.obj \
  dist/default/production\Railway_Security_System.X.production.obj 

Object code version is 3.11

Machine type is 16F876A



                Name                               Link     Load   Length Selector   Space Scale
C:\Users\ACER\AppData\Local\Temp\s4oo.obj
                end_init                              0        0        3        0       0
                config                             2007     2007        1     400E       0
dist/default/production\Railway_Security_System.X.production.obj
                cinit                               7E3      7E3       1D      FC6       0
                text13                              59E      59E        D      B3C       0
                text12                              6D8      6D8       34      DB0       0
                text11                              58F      58F        7      B1E       0
                text10                              642      642       1C      C84       0
                text9                               65E      65E       24      CBC       0
                text8                               62A      62A       18      C54       0
                text7                               5FE      5FE       15      BFC       0
                text6                               613      613       17      C26       0
                text5                               5B9      5B9       10      B72       0
                text4                               5AB      5AB        E      B56       0
                text3                               6A7      6A7       31      D4E       0
                text2                               682      682       25      D04       0
                text1                               5C9      5C9       10      B92       0
                maintext                            70C      70C       D7      E18       0
                cstackCOMMON                         70       70        9       70       1
                inittext                            5D9      5D9       11      BB2       0
                clrtext                             596      596        8      B2C       0
                dataBANK0                            4A       4A       14       20       1
                bssBANK0                             20       20       2A       20       1
                bssCOMMON                            79       79        5       70       1
                strings                               3        3       A0        6       0
                idataBANK0                          5EA      5EA       14      BD4       0

TOTAL           Name                               Link     Load   Length     Space
        CLASS   STACK          

        CLASS   CODE           
                end_init                              0        0        3         0
                cinit                               7E3      7E3       1D         0
                text13                              59E      59E        D         0
                text12                              6D8      6D8       34         0
                text11                              58F      58F        7         0
                text10                              642      642       1C         0
                text9                               65E      65E       24         0
                text8                               62A      62A       18         0
                text7                               5FE      5FE       15         0
                text6                               613      613       17         0
                text5                               5B9      5B9       10         0
                text4                               5AB      5AB        E         0
                text3                               6A7      6A7       31         0
                text2                               682      682       25         0
                text1                               5C9      5C9       10         0
                maintext                            70C      70C       D7         0
                inittext                            5D9      5D9       11         0
                clrtext                             596      596        8         0
                idataBANK0                          5EA      5EA       14         0

        CLASS   STRCODE        

        CLASS   STRING         
                strings                               3        3       A0         0

        CLASS   CONST          

        CLASS   ENTRY          

        CLASS   COMMON         
                cstackCOMMON                         70       70        9         1
                bssCOMMON                            79       79        5         1

        CLASS   BANK0          
                dataBANK0                            4A       4A       14         1
                bssBANK0                             20       20       2A         1

        CLASS   BANK1          

        CLASS   BANK2          

        CLASS   BANK3          

        CLASS   RAM            

        CLASS   ABS1           
                abs_s1                               7E       7E        2         1

        CLASS   SFR0           

        CLASS   SFR1           

        CLASS   SFR2           

        CLASS   SFR3           

        CLASS   CONFIG         
                config                             2007     2007        1         0

        CLASS   IDLOC          

        CLASS   EEDATA         



SEGMENTS        Name                           Load    Length   Top    Selector   Space  Class     Delta

                reset_vec                      000000  000003  000003         0       0  CODE        2
                strings                        000003  0000A0  0000A3         6       0  STRING      2
                bssBANK0                       000020  00003E  00005E        20       1  BANK0       1
                cstackCOMMON                   000070  00000E  00007E        70       1  COMMON      1
                text11                         00058F  000007  000596       B1E       0  CODE        2
                clrtext                        000596  000008  00059E       B2C       0  CODE        2
                text13                         00059E  00000D  0005AB       B3C       0  CODE        2
                text4                          0005AB  00000E  0005B9       B56       0  CODE        2
                text5                          0005B9  000010  0005C9       B72       0  CODE        2
                text1                          0005C9  000010  0005D9       B92       0  CODE        2
                inittext                       0005D9  000011  0005EA       BB2       0  CODE        2
                idataBANK0                     0005EA  000014  0005FE       BD4       0  CODE        2
                text7                          0005FE  000015  000613       BFC       0  CODE        2
                text6                          000613  000017  00062A       C26       0  CODE        2
                text8                          00062A  000018  000642       C54       0  CODE        2
                text10                         000642  00001C  00065E       C84       0  CODE        2
                text9                          00065E  000024  000682       CBC       0  CODE        2
                text2                          000682  000025  0006A7       D04       0  CODE        2
                text3                          0006A7  000031  0006D8       D4E       0  CODE        2
                text12                         0006D8  000034  00070C       DB0       0  CODE        2
                maintext                       00070C  0000D7  0007E3       E18       0  CODE        2
                cinit                          0007E3  00001D  000800       FC6       0  CODE        2
                config                         002007  000001  002008      400E       0  CONFIG      2


UNUSED ADDRESS RANGES

        Name                Unused          Largest block    Delta
        BANK0            005E-006F             12           1
        BANK1            00A0-00EF             50           1
        BANK2            0110-016F             60           1
        BANK3            0190-01EF             60           1
        CODE             00A3-058E            4EC           2
                         0800-1FFF            800
        CONST            00A3-058E            100           2
                         0800-1FFF            100
        EEDATA           2100-21FF            100           2
        ENTRY            00A3-058E            100           2
                         0800-1FFF            100
        IDLOC            2000-2003              4           2
        RAM              005E-006F             12           1
                         00A0-00EF             50
                         0110-016F             60
                         0190-01EF             60
        SFR0             0000-001F             20           1
        SFR1             0080-009F             20           1
        SFR2             0100-010F             10           1
        SFR3             0180-018F             10           1
        STACK            0110-016F             60           1
        STRCODE          00A3-058E            4EC           2
                         0800-1FFF           1800
        STRING           00A3-058E            100           2
                         0800-1FFF            100

                                  Symbol Table

?_analogRead             cstackCOMMON 0070
?_strcmp                 cstackCOMMON 0070
_ADCON0                  (abs)        001F
_ADCON1                  (abs)        009F
_ADRESH                  (abs)        001E
_ADRESL                  (abs)        009E
_GO                      (abs)        00FA
_INID                    bssBANK0     0036
_PORTC                   (abs)        0007
_RC0                     (abs)        0038
_RC1                     (abs)        0039
_RC2                     (abs)        003A
_RC3                     (abs)        003B
_RC4                     (abs)        003C
_RC5                     (abs)        003D
_RCIF                    (abs)        0065
_RCREG                   (abs)        001A
_RCSTA                   (abs)        0018
_SPBRG                   (abs)        0099
_TRISA                   (abs)        0085
_TRISC                   (abs)        0087
_TRMT                    (abs)        04C1
_TXREG                   (abs)        0019
_TXSTA                   (abs)        0098
_UID                     dataBANK0    004A
__CFG_BOREN$OFF          (abs)        0000
__CFG_CP$OFF             (abs)        0000
__CFG_CPD$OFF            (abs)        0000
__CFG_FOSC$XT            (abs)        0000
__CFG_LVP$OFF            (abs)        0000
__CFG_PWRTE$OFF          (abs)        0000
__CFG_WDTE$OFF           (abs)        0000
__CFG_WRT$OFF            (abs)        0000
__Habs1                  abs1         0000
__Hbank0                 bank0        0000
__Hbank1                 bank1        0000
__Hbank2                 bank2        0000
__Hbank3                 bank3        0000
__HbssBANK0              bssBANK0     0000
__HbssCOMMON             bssCOMMON    0000
__Hcinit                 cinit        0800
__Hclrtext               clrtext      0000
__Hcode                  code         0000
__Hcommon                common       0000
__Hconfig                config       2008
__HcstackCOMMON          cstackCOMMON 0000
__HdataBANK0             dataBANK0    0000
__Heeprom_data           eeprom_data  0000
__Hend_init              end_init     0003
__Hfunctab               functab      0000
__HidataBANK0            idataBANK0   0000
__Hidloc                 idloc        0000
__Hinit                  init         0000
__Hinittext              inittext     0000
__Hintentry              intentry     0000
__Hmaintext              maintext     0000
__Hpowerup               powerup      0000
__Hram                   ram          0000
__Hreset_vec             reset_vec    0000
__Hsfr0                  sfr0         0000
__Hsfr1                  sfr1         0000
__Hsfr2                  sfr2         0000
__Hsfr3                  sfr3         0000
__Hspace_0               (abs)        2008
__Hspace_1               (abs)        007E
__Hspace_2               (abs)        0000
__Hspace_3               (abs)        0000
__Hstack                 stack        0000
__Hstrings               strings      0000
__Htext                  text         0000
__Labs1                  abs1         0000
__Lbank0                 bank0        0000
__Lbank1                 bank1        0000
__Lbank2                 bank2        0000
__Lbank3                 bank3        0000
__LbssBANK0              bssBANK0     0000
__LbssCOMMON             bssCOMMON    0000
__Lcinit                 cinit        07E3
__Lclrtext               clrtext      0000
__Lcode                  code         0000
__Lcommon                common       0000
__Lconfig                config       2007
__LcstackCOMMON          cstackCOMMON 0000
__LdataBANK0             dataBANK0    0000
__Leeprom_data           eeprom_data  0000
__Lend_init              end_init     0000
__Lfunctab               functab      0000
__LidataBANK0            idataBANK0   0000
__Lidloc                 idloc        0000
__Linit                  init         0000
__Linittext              inittext     0000
__Lintentry              intentry     0000
__Lmaintext              maintext     0000
__Lpowerup               powerup      0000
__Lram                   ram          0000
__Lreset_vec             reset_vec    0000
__Lsfr0                  sfr0         0000
__Lsfr1                  sfr1         0000
__Lsfr2                  sfr2         0000
__Lsfr3                  sfr3         0000
__Lspace_0               (abs)        0000
__Lspace_1               (abs)        0000
__Lspace_2               (abs)        0000
__Lspace_3               (abs)        0000
__Lstack                 stack        0000
__Lstrings               strings      0000
__Ltext                  text         0000
__S0                     (abs)        2008
__S1                     (abs)        007E
__S2                     (abs)        0000
__S3                     (abs)        0000
___int_sp                stack        0000
___latbits               (abs)        0002
___sp                    stack        0000
__end_of__initialization cinit        07FC
__end_of__stringtab      strings      0009
__end_of_analogInit      text13       05AB
__end_of_analogRead      text12       070C
__end_of_gpioInit        text11       0596
__end_of_main            maintext     07E3
__end_of_riskAlarm       text10       065E
__end_of_riskCalling     text7        0613
__end_of_safeCalling     text5        05C9
__end_of_serialInit      text4        05B9
__end_of_serialPrint     text9        0682
__end_of_serialRead      text3        06D8
__end_of_servoRotate0    text6        062A
__end_of_servoRotate90   text8        0642
__end_of_strcmp          text2        06A7
__end_of_threatCalling   text1        05D9
__initialization         cinit        07E3
__pbssBANK0              bssBANK0     0020
__pbssCOMMON             bssCOMMON    0079
__pcstackCOMMON          cstackCOMMON 0070
__pdataBANK0             dataBANK0    004A
__pidataBANK0            idataBANK0   05EA
__pmaintext              maintext     070C
__pstrings               strings      0003
__ptext1                 text1        05C9
__ptext10                text10       0642
__ptext11                text11       058F
__ptext12                text12       06D8
__ptext13                text13       059E
__ptext2                 text2        0682
__ptext3                 text3        06A7
__ptext4                 text4        05AB
__ptext5                 text5        05B9
__ptext6                 text6        0613
__ptext7                 text7        05FE
__ptext8                 text8        062A
__ptext9                 text9        065E
__size_of_analogInit     (abs)        0000
__size_of_analogRead     (abs)        0000
__size_of_gpioInit       (abs)        0000
__size_of_main           (abs)        0000
__size_of_riskAlarm      (abs)        0000
__size_of_riskCalling    (abs)        0000
__size_of_safeCalling    (abs)        0000
__size_of_serialInit     (abs)        0000
__size_of_serialPrint    (abs)        0000
__size_of_serialRead     (abs)        0000
__size_of_servoRotate0   (abs)        0000
__size_of_servoRotate90  (abs)        0000
__size_of_strcmp         (abs)        0000
__size_of_threatCalling  (abs)        0000
__stringbase             strings      0008
__stringtab              strings      0003
_access                  bssBANK0     0034
_analogInit              text13       059E
_analogRead              text12       06D8
_gpioInit                text11       058F
_main                    maintext     070C
_reading1                bssCOMMON    0079
_reading2                bssCOMMON    007B
_riskAlarm               text10       0642
_riskCalling             text7        05FE
_safeCalling             text5        05B9
_serialInit              text4        05AB
_serialPrint             text9        065E
_serialRead              text3        06A7
_servoRotate0            text6        0613
_servoRotate90           text8        062A
_strcmp                  text2        0682
_temp                    bssCOMMON    007D
_threatCalling           text1        05C9
analogRead@channel       cstackCOMMON 0070
analogRead@result        cstackCOMMON 0072
btemp                    (abs)        007E
clear_ram0               clrtext      0596
end_of_initialization    cinit        07FC
init_fetch0              inittext     05D9
init_ram0                inittext     05DD
intlevel0                functab      0000
intlevel1                functab      0000
intlevel2                functab      0000
intlevel3                functab      0000
intlevel4                functab      0000
intlevel5                functab      0000
ltemp                    (abs)        007E
ltemp0                   (abs)        007E
ltemp1                   (abs)        0082
ltemp2                   (abs)        0086
ltemp3                   (abs)        0080
reset_vec                reset_vec    0000
serialPrint@i            cstackCOMMON 0070
serialPrint@str          cstackCOMMON 0072
serialRead@i             cstackCOMMON 0072
serialRead@str           cstackCOMMON 0074
stackhi                  (abs)        0000
stacklo                  (abs)        0000
start                    init         0000
start_initialization     cinit        07E3
strcmp@r                 cstackCOMMON 0074
strcmp@s1                cstackCOMMON 0075
strcmp@s2                cstackCOMMON 0070
ttemp                    (abs)        007E
ttemp0                   (abs)        007E
ttemp1                   (abs)        0081
ttemp2                   (abs)        0084
ttemp3                   (abs)        0087
ttemp4                   (abs)        007F
wtemp                    (abs)        007E
wtemp0                   (abs)        007E
wtemp1                   (abs)        0080
wtemp2                   (abs)        0082
wtemp3                   (abs)        0084
wtemp4                   (abs)        0086
wtemp5                   (abs)        0088
wtemp6                   (abs)        007F


FUNCTION INFORMATION:

 *************** function _main *****************
 Defined at:
		line 47 in file "main.c"
 Parameters:    Size  Location     Type
		None
 Auto vars:     Size  Location     Type
		None
 Return value:  Size  Location     Type
                  2  116[None  ] int 
 Registers used:
		wreg, fsr0l, fsr0h, status,2, status,0, btemp+1, pclath, cstack
 Tracked objects:
		On entry : 
		On exit  : 
		Unchanged: 
 Data sizes:     COMMON   BANK0   BANK1   BANK3   BANK2
      Params:         0       0       0       0       0
      Locals:         0       0       0       0       0
      Temps:          3       0       0       0       0
      Totals:         3       0       0       0       0
Total ram usage:        3 bytes
 Hardware stack levels required when called:    3
 This function calls:
		_analogInit
		_analogRead
		_gpioInit
		_riskCalling
		_safeCalling
		_serialInit
		_serialPrint
		_serialRead
		_strcmp
		_threatCalling
 This function is called by:
		Startup code after reset
 This function uses a non-reentrant model


 *************** function _threatCalling *****************
 Defined at:
		line 122 in file "main.c"
 Parameters:    Size  Location     Type
		None
 Auto vars:     Size  Location     Type
		None
 Return value:  Size  Location     Type
                  1    wreg      void 
 Registers used:
		wreg, fsr0l, fsr0h, status,2, status,0, pclath, cstack
 Tracked objects:
		On entry : 
		On exit  : 
		Unchanged: 
 Data sizes:     COMMON   BANK0   BANK1   BANK3   BANK2
      Params:         0       0       0       0       0
      Locals:         0       0       0       0       0
      Temps:          0       0       0       0       0
      Totals:         0       0       0       0       0
Total ram usage:        0 bytes
 Hardware stack levels used:    1
 Hardware stack levels required when called:    2
 This function calls:
		_serialPrint
		_servoRotate90
 This function is called by:
		_main
 This function uses a non-reentrant model


 *************** function _strcmp *****************
 Defined at:
		line 33 in file "C:\Program Files (x86)\Microchip\xc8\v1.36\sources\common\strcmp.c"
 Parameters:    Size  Location     Type
  s1              1    wreg     PTR const unsigned char 
		 -> INID(20), 
  s2              1    0[COMMON] PTR const unsigned char 
		 -> UID(20), 
 Auto vars:     Size  Location     Type
  s1              1    5[COMMON] PTR const unsigned char 
		 -> INID(20), 
  r               1    4[COMMON] char 
 Return value:  Size  Location     Type
                  2    0[COMMON] int 
 Registers used:
		wreg, fsr0l, fsr0h, status,2, status,0
 Tracked objects:
		On entry : 
		On exit  : 
		Unchanged: 
 Data sizes:     COMMON   BANK0   BANK1   BANK3   BANK2
      Params:         2       0       0       0       0
      Locals:         2       0       0       0       0
      Temps:          2       0       0       0       0
      Totals:         6       0       0       0       0
Total ram usage:        6 bytes
 Hardware stack levels used:    1
 This function calls:
		Nothing
 This function is called by:
		_main
 This function uses a non-reentrant model


 *************** function _serialRead *****************
 Defined at:
		line 20 in file "SerialHeader.h"
 Parameters:    Size  Location     Type
  str             1    wreg     PTR unsigned char 
		 -> INID(20), 
 Auto vars:     Size  Location     Type
  str             1    4[COMMON] PTR unsigned char 
		 -> INID(20), 
  i               2    2[COMMON] int 
 Return value:  Size  Location     Type
                  1    wreg      void 
 Registers used:
		wreg, fsr0l, fsr0h, status,2, status,0
 Tracked objects:
		On entry : 
		On exit  : 
		Unchanged: 
 Data sizes:     COMMON   BANK0   BANK1   BANK3   BANK2
      Params:         0       0       0       0       0
      Locals:         3       0       0       0       0
      Temps:          2       0       0       0       0
      Totals:         5       0       0       0       0
Total ram usage:        5 bytes
 Hardware stack levels used:    1
 This function calls:
		Nothing
 This function is called by:
		_main
 This function uses a non-reentrant model


 *************** function _serialInit *****************
 Defined at:
		line 1 in file "SerialHeader.h"
 Parameters:    Size  Location     Type
		None
 Auto vars:     Size  Location     Type
		None
 Return value:  Size  Location     Type
                  1    wreg      void 
 Registers used:
		wreg
 Tracked objects:
		On entry : 
		On exit  : 
		Unchanged: 
 Data sizes:     COMMON   BANK0   BANK1   BANK3   BANK2
      Params:         0       0       0       0       0
      Locals:         0       0       0       0       0
      Temps:          0       0       0       0       0
      Totals:         0       0       0       0       0
Total ram usage:        0 bytes
 Hardware stack levels used:    1
 This function calls:
		Nothing
 This function is called by:
		_main
 This function uses a non-reentrant model


 *************** function _safeCalling *****************
 Defined at:
		line 132 in file "main.c"
 Parameters:    Size  Location     Type
		None
 Auto vars:     Size  Location     Type
		None
 Return value:  Size  Location     Type
                  1    wreg      void 
 Registers used:
		wreg, fsr0l, fsr0h, status,2, status,0, pclath, cstack
 Tracked objects:
		On entry : 
		On exit  : 
		Unchanged: 
 Data sizes:     COMMON   BANK0   BANK1   BANK3   BANK2
      Params:         0       0       0       0       0
      Locals:         0       0       0       0       0
      Temps:          0       0       0       0       0
      Totals:         0       0       0       0       0
Total ram usage:        0 bytes
 Hardware stack levels used:    1
 Hardware stack levels required when called:    2
 This function calls:
		_serialPrint
		_servoRotate0
 This function is called by:
		_main
 This function uses a non-reentrant model


 *************** function _servoRotate0 *****************
 Defined at:
		line 149 in file "main.c"
 Parameters:    Size  Location     Type
		None
 Auto vars:     Size  Location     Type
		None
 Return value:  Size  Location     Type
                  1    wreg      void 
 Registers used:
		wreg
 Tracked objects:
		On entry : 
		On exit  : 
		Unchanged: 
 Data sizes:     COMMON   BANK0   BANK1   BANK3   BANK2
      Params:         0       0       0       0       0
      Locals:         0       0       0       0       0
      Temps:          2       0       0       0       0
      Totals:         2       0       0       0       0
Total ram usage:        2 bytes
 Hardware stack levels used:    1
 This function calls:
		Nothing
 This function is called by:
		_safeCalling
 This function uses a non-reentrant model


 *************** function _riskCalling *****************
 Defined at:
		line 103 in file "main.c"
 Parameters:    Size  Location     Type
		None
 Auto vars:     Size  Location     Type
		None
 Return value:  Size  Location     Type
                  1    wreg      void 
 Registers used:
		wreg, fsr0l, fsr0h, status,2, status,0, pclath, cstack
 Tracked objects:
		On entry : 
		On exit  : 
		Unchanged: 
 Data sizes:     COMMON   BANK0   BANK1   BANK3   BANK2
      Params:         0       0       0       0       0
      Locals:         0       0       0       0       0
      Temps:          0       0       0       0       0
      Totals:         0       0       0       0       0
Total ram usage:        0 bytes
 Hardware stack levels used:    1
 Hardware stack levels required when called:    2
 This function calls:
		_riskAlarm
		_serialPrint
		_servoRotate90
 This function is called by:
		_main
 This function uses a non-reentrant model


 *************** function _servoRotate90 *****************
 Defined at:
		line 142 in file "main.c"
 Parameters:    Size  Location     Type
		None
 Auto vars:     Size  Location     Type
		None
 Return value:  Size  Location     Type
                  1    wreg      void 
 Registers used:
		wreg
 Tracked objects:
		On entry : 
		On exit  : 
		Unchanged: 
 Data sizes:     COMMON   BANK0   BANK1   BANK3   BANK2
      Params:         0       0       0       0       0
      Locals:         0       0       0       0       0
      Temps:          2       0       0       0       0
      Totals:         2       0       0       0       0
Total ram usage:        2 bytes
 Hardware stack levels used:    1
 This function calls:
		Nothing
 This function is called by:
		_riskCalling
		_threatCalling
 This function uses a non-reentrant model


 *************** function _serialPrint *****************
 Defined at:
		line 9 in file "SerialHeader.h"
 Parameters:    Size  Location     Type
  str             1    wreg     PTR unsigned char 
		 -> STR_6(23), STR_5(29), STR_4(43), STR_3(20), 
		 -> STR_2(17), STR_1(22), 
 Auto vars:     Size  Location     Type
  str             1    2[COMMON] PTR unsigned char 
		 -> STR_6(23), STR_5(29), STR_4(43), STR_3(20), 
		 -> STR_2(17), STR_1(22), 
  i               2    0[COMMON] int 
 Return value:  Size  Location     Type
                  1    wreg      void 
 Registers used:
		wreg, fsr0l, fsr0h, status,2, status,0, pclath
 Tracked objects:
		On entry : 
		On exit  : 
		Unchanged: 
 Data sizes:     COMMON   BANK0   BANK1   BANK3   BANK2
      Params:         0       0       0       0       0
      Locals:         3       0       0       0       0
      Temps:          0       0       0       0       0
      Totals:         3       0       0       0       0
Total ram usage:        3 bytes
 Hardware stack levels used:    2
 This function calls:
		Nothing
 This function is called by:
		_main
		_riskCalling
		_threatCalling
		_safeCalling
 This function uses a non-reentrant model


 *************** function _riskAlarm *****************
 Defined at:
		line 114 in file "main.c"
 Parameters:    Size  Location     Type
		None
 Auto vars:     Size  Location     Type
		None
 Return value:  Size  Location     Type
                  1    wreg      void 
 Registers used:
		wreg
 Tracked objects:
		On entry : 
		On exit  : 
		Unchanged: 
 Data sizes:     COMMON   BANK0   BANK1   BANK3   BANK2
      Params:         0       0       0       0       0
      Locals:         0       0       0       0       0
      Temps:          3       0       0       0       0
      Totals:         3       0       0       0       0
Total ram usage:        3 bytes
 Hardware stack levels used:    1
 This function calls:
		Nothing
 This function is called by:
		_riskCalling
 This function uses a non-reentrant model


 *************** function _gpioInit *****************
 Defined at:
		line 97 in file "main.c"
 Parameters:    Size  Location     Type
		None
 Auto vars:     Size  Location     Type
		None
 Return value:  Size  Location     Type
                  1    wreg      void 
 Registers used:
		status,2
 Tracked objects:
		On entry : 
		On exit  : 
		Unchanged: 
 Data sizes:     COMMON   BANK0   BANK1   BANK3   BANK2
      Params:         0       0       0       0       0
      Locals:         0       0       0       0       0
      Temps:          0       0       0       0       0
      Totals:         0       0       0       0       0
Total ram usage:        0 bytes
 Hardware stack levels used:    1
 This function calls:
		Nothing
 This function is called by:
		_main
 This function uses a non-reentrant model


 *************** function _analogRead *****************
 Defined at:
		line 7 in file "analogHeader.h"
 Parameters:    Size  Location     Type
  channel         2    0[COMMON] int 
 Auto vars:     Size  Location     Type
  result          2    2[COMMON] short 
 Return value:  Size  Location     Type
                  2    0[COMMON] short 
 Registers used:
		wreg, fsr0l, fsr0h, status,2, status,0
 Tracked objects:
		On entry : 
		On exit  : 
		Unchanged: 
 Data sizes:     COMMON   BANK0   BANK1   BANK3   BANK2
      Params:         2       0       0       0       0
      Locals:         2       0       0       0       0
      Temps:          0       0       0       0       0
      Totals:         4       0       0       0       0
Total ram usage:        4 bytes
 Hardware stack levels used:    1
 This function calls:
		Nothing
 This function is called by:
		_main
 This function uses a non-reentrant model


 *************** function _analogInit *****************
 Defined at:
		line 1 in file "analogHeader.h"
 Parameters:    Size  Location     Type
		None
 Auto vars:     Size  Location     Type
		None
 Return value:  Size  Location     Type
                  1    wreg      void 
 Registers used:
		wreg
 Tracked objects:
		On entry : 
		On exit  : 
		Unchanged: 
 Data sizes:     COMMON   BANK0   BANK1   BANK3   BANK2
      Params:         0       0       0       0       0
      Locals:         0       0       0       0       0
      Temps:          0       0       0       0       0
      Totals:         0       0       0       0       0
Total ram usage:        0 bytes
 Hardware stack levels used:    1
 This function calls:
		Nothing
 This function is called by:
		_main
 This function uses a non-reentrant model



MODULE INFORMATION

Module		Function		Class		Link	Load	Size
C:\Program Files (x86)\Microchip\xc8\v1.36\sources\common\strcmp.c
		_strcmp        		CODE           	0682	0000	38

C:\Program Files (x86)\Microchip\xc8\v1.36\sources\common\strcmp.c estimated size: 38

shared
		__stringtab    		STRING         	0003	0000	7
		__initialization		CODE           	07E3	0000	26

shared estimated size: 33

SerialHeader.h
		_serialPrint   		CODE           	065E	0000	37
		_serialInit    		CODE           	05AB	0000	15
		_serialRead    		CODE           	06A7	0000	50

SerialHeader.h estimated size: 102

analogHeader.h
		_analogInit    		CODE           	059E	0000	14
		_analogRead    		CODE           	06D8	0000	53

analogHeader.h estimated size: 67

main.c
		_servoRotate0  		CODE           	0613	0000	24
		_servoRotate90 		CODE           	062A	0000	25
		_gpioInit      		CODE           	058F	0000	8
		_main          		CODE           	070C	0000	216
		_safeCalling   		CODE           	05B9	0000	17
		_riskAlarm     		CODE           	0642	0000	29
		_riskCalling   		CODE           	05FE	0000	22
		_threatCalling 		CODE           	05C9	0000	17

main.c estimated size: 358

